[{row0:{x:+0.989156,y:+0.146868,z:+0.0,t:+0.0},row1:{x:-0.146868,y:+0.989156,z:+0.0,t:+1.0},row2:{x:+0.0,y:+0.0,z:+1.0,t:+0.0},row3:{x:+0.0,y:+0.0,z:+0.0,t:+1.0}},{row0:{x:+0.877557,y:+0.479472,z:+0.0,t:+0.195825},row1:{x:-0.479472,y:+0.877557,z:+0.0,t:+2.318874},row2:{x:+0.0,y:+0.0,z:+1.0,t:+0.0},row3:{x:+0.0,y:+0.0,z:+0.0,t:+1.0}},{row0:{x:+0.822314,y:+0.569032,z:+0.0,t:+0.835121},row1:{x:-0.569032,y:+0.822314,z:+0.0,t:+3.48895},row2:{x:+0.0,y:+0.0,z:+1.0,t:+0.0},row3:{x:+0.0,y:+0.0,z:+0.0,t:+1.0}},{row0:{x:+0.800688,y:+0.59908,z:+0.0,t:+1.593832},row1:{x:-0.59908,y:+0.800688,z:+0.0,t:+4.58537},row2:{x:+0.0,y:+0.0,z:+1.0,t:+0.0},row3:{x:+0.0,y:+0.0,z:+0.0,t:+1.0}},{row0:{x:+0.841688,y:+0.539963,z:+0.0,t:+2.392605},row1:{x:-0.539963,y:+0.841688,z:+0.0,t:+5.652955},row2:{x:+0.0,y:+0.0,z:+1.0,t:+0.0},row3:{x:+0.0,y:+0.0,z:+0.0,t:+1.0}},{row0:{x:+0.90342,y:+0.428755,z:+0.0,t:+3.112557},row1:{x:-0.428755,y:+0.90342,z:+0.0,t:+6.775207},row2:{x:+0.0,y:+0.0,z:+1.0,t:+0.0},row3:{x:+0.0,y:+0.0,z:+0.0,t:+1.0}}]