Failed to find DCC builder. Falling back to Python builder.
Arm:L
Arm:L.controls
Arm:L.controls.Arm:L
Arm:L.controls.Arm:L.inputs
Arm:L.controls.Arm:L.inputs.globalSRT
Arm:L.controls.Arm:L.inputs.clavicleEnd
Arm:L.controls.Arm:L.outputs
Arm:L.controls.Arm:L.outputs.bicep
Arm:L.controls.Arm:L.outputs.forearm
Arm:L.controls.Arm:L.outputs.armEndXfo
Arm:L.controls.Arm:L.outputs.hand
Arm:L.controls.Arm:L.bicepFK
Arm:L.controls.Arm:L.bicepFK.bicepFK
Arm:L.controls.Arm:L.bicepFK.bicepFK.forearmFK
Arm:L.controls.Arm:L.bicepFK.bicepFK.forearmFK.forearmFK
Arm:L.controls.Arm:L.hand
Arm:L.controls.Arm:L.hand.hand
Arm:L.controls.Arm:L.IK
Arm:L.controls.Arm:L.IK.IK
Arm:L.controls.Arm:L.UpV
Arm:L.controls.Arm:L.UpV.UpV
Arm:L.deformers
Arm:L.deformers.Arm:L
Arm:L.deformers.Arm:L.bicep
Arm:L.deformers.Arm:L.forearm
Arm:L.deformers.Arm:L.wrist
Arm:L.deformers.Arm:L.hand
