Failed to find DCC builder. Falling back to Python builder.
==armLeft==
Arm:L
Arm:L.controls
Arm:L.controls.Arm:L
Arm:L.controls.Arm:L.inputs
Arm:L.controls.Arm:L.inputs.globalSRT
Arm:L.controls.Arm:L.inputs.clavicleEnd
Arm:L.controls.Arm:L.outputs
Arm:L.controls.Arm:L.outputs.bicep
Arm:L.controls.Arm:L.outputs.forearm
Arm:L.controls.Arm:L.outputs.armEndXfo
Arm:L.controls.Arm:L.outputs.hand
Arm:L.controls.Arm:L.bicepFK
Arm:L.controls.Arm:L.bicepFK.bicepFK
Arm:L.controls.Arm:L.bicepFK.bicepFK.forearmFK
Arm:L.controls.Arm:L.bicepFK.bicepFK.forearmFK.forearmFK
Arm:L.controls.Arm:L.hand
Arm:L.controls.Arm:L.hand.hand
Arm:L.controls.Arm:L.IK
Arm:L.controls.Arm:L.IK.IK
Arm:L.controls.Arm:L.UpV
Arm:L.controls.Arm:L.UpV.UpV
Arm:L.deformers
Arm:L.deformers.Arm:L
Arm:L.deformers.Arm:L.bicep
Arm:L.deformers.Arm:L.forearm
Arm:L.deformers.Arm:L.wrist
Arm:L.deformers.Arm:L.hand
==armRight==
Arm:R
Arm:R.controls
Arm:R.controls.Arm:R
Arm:R.controls.Arm:R.inputs
Arm:R.controls.Arm:R.inputs.globalSRT
Arm:R.controls.Arm:R.inputs.clavicleEnd
Arm:R.controls.Arm:R.outputs
Arm:R.controls.Arm:R.outputs.bicep
Arm:R.controls.Arm:R.outputs.forearm
Arm:R.controls.Arm:R.outputs.armEndXfo
Arm:R.controls.Arm:R.outputs.hand
Arm:R.controls.Arm:R.bicepFK
Arm:R.controls.Arm:R.bicepFK.bicepFK
Arm:R.controls.Arm:R.bicepFK.bicepFK.forearmFK
Arm:R.controls.Arm:R.bicepFK.bicepFK.forearmFK.forearmFK
Arm:R.controls.Arm:R.hand
Arm:R.controls.Arm:R.hand.hand
Arm:R.controls.Arm:R.IK
Arm:R.controls.Arm:R.IK.IK
Arm:R.controls.Arm:R.UpV
Arm:R.controls.Arm:R.UpV.UpV
Arm:R.deformers
Arm:R.deformers.Arm:R
Arm:R.deformers.Arm:R.bicep
Arm:R.deformers.Arm:R.forearm
Arm:R.deformers.Arm:R.wrist
Arm:R.deformers.Arm:R.hand
