==armLeft==
L_Arm
L_Arm.controls
L_Arm.controls.Arm
L_Arm.controls.Arm.inputs
L_Arm.controls.Arm.inputs.clavicleEnd
L_Arm.controls.Arm.outputs
L_Arm.controls.Arm.outputs.bicep
L_Arm.controls.Arm.outputs.forearm
L_Arm.controls.Arm.outputs.armEndXfo
L_Arm.controls.Arm.outputs.armEndPos
L_Arm.controls.Arm.bicepFK
L_Arm.controls.Arm.bicepFK.bicepFK
L_Arm.controls.Arm.bicepFK.bicepFK.forearmFK
L_Arm.controls.Arm.bicepFK.bicepFK.forearmFK.forearmFK
L_Arm.controls.Arm.IK
L_Arm.controls.Arm.IK.IK
L_Arm.controls.Arm.UpV
L_Arm.controls.Arm.UpV.UpV
L_Arm.controls.Arm.UpV
L_Arm.controls.Arm.UpV.UpV
L_Arm.deformers
L_Arm.deformers.Arm
L_Arm.deformers.Arm.bicep
L_Arm.deformers.Arm.forearm
L_Arm.deformers.Arm.wrist
Warning. Non unique names used in Kraken:L_Arm.controls.Arm.UpV
Warning. Non unique names used in Kraken:L_Arm.controls.Arm.UpV.UpV
Warning. Non unique names used in Kraken:L_Arm.controls.Arm.UpV.UpV.
Warning. Non unique names used in Kraken:L_Arm.controls.Arm.UpV.
==armLeft2==
L_Arm
L_Arm.controls
L_Arm.controls.Arm
L_Arm.controls.Arm.inputs
L_Arm.controls.Arm.inputs.clavicleEnd
L_Arm.controls.Arm.outputs
L_Arm.controls.Arm.outputs.bicep
L_Arm.controls.Arm.outputs.forearm
L_Arm.controls.Arm.outputs.armEndXfo
L_Arm.controls.Arm.outputs.armEndPos
L_Arm.controls.Arm.bicepFK
L_Arm.controls.Arm.bicepFK.bicepFK
L_Arm.controls.Arm.bicepFK.bicepFK.forearmFK
L_Arm.controls.Arm.bicepFK.bicepFK.forearmFK.forearmFK
L_Arm.controls.Arm.IK
L_Arm.controls.Arm.IK.IK
L_Arm.controls.Arm.UpV
L_Arm.controls.Arm.UpV.UpV
L_Arm.controls.Arm.UpV
L_Arm.controls.Arm.UpV.UpV
L_Arm.deformers
L_Arm.deformers.Arm
L_Arm.deformers.Arm.bicep
L_Arm.deformers.Arm.forearm
L_Arm.deformers.Arm.wrist
