Failed to find DCC builder. Falling back to Python builder.
L_Foot
L_Foot.controls
L_Foot.controls.foot
L_Foot.controls.foot.inputs
L_Foot.controls.foot.inputs.legEndXfo
L_Foot.controls.foot.outputs
L_Foot.controls.foot.outputs.footEnd
L_Foot.controls.foot.outputs.foot
L_Foot.controls.foot.foot
L_Foot.controls.foot.foot.foot
L_Foot.controls.foot.footRef
L_Foot.deformers
L_Foot.deformers.foot
L_Foot.deformers.foot.foot
