Failed to find DCC builder. Falling back to Python builder.
L_Hand
L_Hand.controls
L_Hand.controls.hand
L_Hand.controls.hand.inputs
L_Hand.controls.hand.inputs.armEndXfo
L_Hand.controls.hand.inputs.armEndPos
L_Hand.controls.hand.outputs
L_Hand.controls.hand.outputs.handEnd
L_Hand.controls.hand.outputs.hand
L_Hand.controls.hand.hand
L_Hand.controls.hand.hand.hand
L_Hand.controls.hand.handRef
L_Hand.deformers
L_Hand.deformers.hand
L_Hand.deformers.hand.hand
