Failed to find DCC builder. Falling back to Python builder.
L_Leg
L_Leg.controls
L_Leg.controls.leg
L_Leg.controls.leg.inputs
L_Leg.controls.leg.inputs.pelvisInput
L_Leg.controls.leg.outputs
L_Leg.controls.leg.outputs.femur
L_Leg.controls.leg.outputs.shin
L_Leg.controls.leg.outputs.legEndXfo
L_Leg.controls.leg.femurFK
L_Leg.controls.leg.femurFK.femurFK
L_Leg.controls.leg.femurFK.femurFK.shinFK
L_Leg.controls.leg.femurFK.femurFK.shinFK.shinFK
L_Leg.controls.leg.IK
L_Leg.controls.leg.IK.IK
L_Leg.controls.leg.UpV
L_Leg.controls.leg.UpV.UpV
L_Leg.deformers
L_Leg.deformers.leg
L_Leg.deformers.leg.femur
L_Leg.deformers.leg.shin
L_Leg.deformers.leg.ankle
