Failed to find DCC builder. Falling back to Python builder.
building:spine
building:spine.controls
building:spine.controls.spine
building:spine.controls.spine.inputs
building:spine.controls.spine.inputs.mainSrt
building:spine.controls.spine.outputs
building:spine.controls.spine.outputs.cog
building:spine.controls.spine.outputs.spineBase
building:spine.controls.spine.outputs.pelvis
building:spine.controls.spine.outputs.spineEnd
building:spine.controls.spine.outputs.spine01
building:spine.controls.spine.outputs.spine02
building:spine.controls.spine.outputs.spine03
building:spine.controls.spine.outputs.spine04
building:spine.controls.spine.outputs.spine05
building:spine.controls.spine.outputs.spine06
building:spine.controls.spine.cog
building:spine.controls.spine.cog.cog
building:spine.controls.spine.cog.cog.spine01
building:spine.controls.spine.cog.cog.spine01.spine01
building:spine.controls.spine.cog.cog.spine01.spine01.spine02
building:spine.controls.spine.cog.cog.spine01.spine01.spine02.spine02
building:spine.controls.spine.cog.cog.spine01.spine01.spine02.spine02.spine03
building:spine.controls.spine.cog.cog.spine01.spine01.spine02.spine02.spine03.spine03
building:spine.controls.spine.cog.cog.spine04
building:spine.controls.spine.cog.cog.spine04.spine04
building:spine.controls.spine.cog.cog.pelvis
building:spine.controls.spine.cog.cog.pelvis.pelvis
building:spine.deformers
building:spine.deformers.spine
building:spine.deformers.spine.spine01
building:spine.deformers.spine.pelvis
building:spine.deformers.spine.spine02
building:spine.deformers.spine.spine03
building:spine.deformers.spine.spine04
building:spine.deformers.spine.spine05
building:spine.deformers.spine.spine06
spine:M
spine:M.controls
spine:M.controls.spine:M
spine:M.controls.spine:M.inputs
spine:M.controls.spine:M.inputs.mainSrt
spine:M.controls.spine:M.outputs
spine:M.controls.spine:M.outputs.cog
spine:M.controls.spine:M.outputs.spineBase
spine:M.controls.spine:M.outputs.pelvis
spine:M.controls.spine:M.outputs.spineEnd
spine:M.controls.spine:M.outputs.spine01
spine:M.controls.spine:M.outputs.spine02
spine:M.controls.spine:M.outputs.spine03
spine:M.controls.spine:M.outputs.spine04
spine:M.controls.spine:M.outputs.spine05
spine:M.controls.spine:M.outputs.spine06
spine:M.controls.spine:M.cog
spine:M.controls.spine:M.cog.cog
spine:M.controls.spine:M.cog.cog.spine01
spine:M.controls.spine:M.cog.cog.spine01.spine01
spine:M.controls.spine:M.cog.cog.spine01.spine01.spine02
spine:M.controls.spine:M.cog.cog.spine01.spine01.spine02.spine02
spine:M.controls.spine:M.cog.cog.spine01.spine01.spine02.spine02.spine03
spine:M.controls.spine:M.cog.cog.spine01.spine01.spine02.spine02.spine03.spine03
spine:M.controls.spine:M.cog.cog.spine04
spine:M.controls.spine:M.cog.cog.spine04.spine04
spine:M.controls.spine:M.cog.cog.pelvis
spine:M.controls.spine:M.cog.cog.pelvis.pelvis
spine:M.deformers
spine:M.deformers.spine:M
spine:M.deformers.spine:M.spine01
spine:M.deformers.spine:M.pelvis
spine:M.deformers.spine:M.spine02
spine:M.deformers.spine:M.spine03
spine:M.deformers.spine:M.spine04
spine:M.deformers.spine:M.spine05
spine:M.deformers.spine:M.spine06
