Warning: Generating 'deformers' layer for component:myArm
==armLeft==
myArm
myArm.inputs
myArm.inputs.clavicleEnd
myArm.outputs
myArm.outputs.bicep
myArm.outputs.forearm
myArm.outputs.armEndXfo
myArm.outputs.armEndPos
myArm.bicepFK
myArm.bicepFK.bicepFK
myArm.bicepFK.bicepFK.forearmFK
myArm.bicepFK.bicepFK.forearmFK.forearmFK
myArm.IK
myArm.IK.IK
myArm.UpV
myArm.UpV.UpV
myArm.deformers
myArm.deformers.bicep
myArm.deformers.forearm
myArm.deformers.wrist
==armLeft2==
myArm
myArm.inputs
myArm.inputs.clavicleEnd
myArm.outputs
myArm.outputs.bicep
myArm.outputs.forearm
myArm.outputs.armEndXfo
myArm.outputs.armEndPos
myArm.bicepFK
myArm.bicepFK.bicepFK
myArm.bicepFK.bicepFK.forearmFK
myArm.bicepFK.bicepFK.forearmFK.forearmFK
myArm.IK
myArm.IK.IK
myArm.UpV
myArm.UpV.UpV
myArm.deformers
myArm.deformers.bicep
myArm.deformers.forearm
myArm.deformers.wrist
