Failed to find DCC builder. Falling back to Python builder.
char_bob
char_bob.spine
char_bob.controls
char_bob.controls.spine
char_bob.controls.spine.inputs
char_bob.controls.spine.outputs
char_bob.controls.spine.outputs.spineBase
char_bob.controls.spine.outputs.spineEnd
char_bob.controls.spine.outputs.spine01
char_bob.controls.spine.outputs.spine02
char_bob.controls.spine.outputs.spine03
char_bob.controls.spine.outputs.spine04
char_bob.controls.spine.outputs.spine05
char_bob.controls.spine.outputs.spine06
char_bob.controls.spine.cog
char_bob.controls.spine.cog.cog
char_bob.controls.spine.cog.cog.spine01
char_bob.controls.spine.cog.cog.spine01.spine01
char_bob.controls.spine.cog.cog.spine01.spine01.spine02
char_bob.controls.spine.cog.cog.spine01.spine01.spine02.spine02
char_bob.controls.spine.cog.cog.spine01.spine01.spine02.spine02.spine03
char_bob.controls.spine.cog.cog.spine01.spine01.spine02.spine02.spine03.spine03
char_bob.controls.spine.cog.cog.spine04
char_bob.controls.spine.cog.cog.spine04.spine04
char_bob.controls.neck
char_bob.controls.neck.inputs
char_bob.controls.neck.inputs.neckBase
char_bob.controls.neck.outputs
char_bob.controls.neck.outputs.neck
char_bob.controls.neck.outputs.neckEnd
char_bob.controls.neck.neck
char_bob.controls.neck.neck.neck
char_bob.controls.head
char_bob.controls.head.inputs
char_bob.controls.head.inputs.headBase
char_bob.controls.head.outputs
char_bob.controls.head.outputs.head
char_bob.controls.head.outputs.jaw
char_bob.controls.head.outputs.eyeL
char_bob.controls.head.outputs.eyeR
char_bob.controls.head.head
char_bob.controls.head.head.head
char_bob.controls.head.head.head.eyeLeft
char_bob.controls.head.head.head.eyeLeft.eyeLeft
char_bob.controls.head.head.head.eyeRight
char_bob.controls.head.head.head.eyeRight.eyeRight
char_bob.controls.head.head.head.jawCtrlSpace
char_bob.controls.head.head.head.jawCtrlSpace.jaw
char_bob.controls.L_Clavicle
char_bob.controls.L_Clavicle.inputs
char_bob.controls.L_Clavicle.inputs.spineEnd
char_bob.controls.L_Clavicle.outputs
char_bob.controls.L_Clavicle.outputs.clavicle
char_bob.controls.L_Clavicle.outputs.clavicleEnd
char_bob.controls.L_Clavicle.clavicle
char_bob.controls.L_Clavicle.clavicle.clavicle
char_bob.controls.R_Clavicle
char_bob.controls.R_Clavicle.inputs
char_bob.controls.R_Clavicle.inputs.spineEnd
char_bob.controls.R_Clavicle.outputs
char_bob.controls.R_Clavicle.outputs.clavicle
char_bob.controls.R_Clavicle.outputs.clavicleEnd
char_bob.controls.R_Clavicle.clavicle
char_bob.controls.R_Clavicle.clavicle.clavicle
char_bob.controls.L_Arm
char_bob.controls.L_Arm.inputs
char_bob.controls.L_Arm.inputs.clavicleEnd
char_bob.controls.L_Arm.outputs
char_bob.controls.L_Arm.outputs.bicep
char_bob.controls.L_Arm.outputs.forearm
char_bob.controls.L_Arm.outputs.armEndXfo
char_bob.controls.L_Arm.outputs.armEndPos
char_bob.controls.L_Arm.bicepFK
char_bob.controls.L_Arm.bicepFK.bicepFK
char_bob.controls.L_Arm.bicepFK.bicepFK.forearmFK
char_bob.controls.L_Arm.bicepFK.bicepFK.forearmFK.forearmFK
char_bob.controls.L_Arm.IK
char_bob.controls.L_Arm.IK.IK
char_bob.controls.L_Arm.UpV
char_bob.controls.L_Arm.UpV.UpV
char_bob.controls.R_Arm
char_bob.controls.R_Arm.inputs
char_bob.controls.R_Arm.inputs.clavicleEnd
char_bob.controls.R_Arm.outputs
char_bob.controls.R_Arm.outputs.bicep
char_bob.controls.R_Arm.outputs.forearm
char_bob.controls.R_Arm.outputs.armEndXfo
char_bob.controls.R_Arm.outputs.armEndPos
char_bob.controls.R_Arm.bicepFK
char_bob.controls.R_Arm.bicepFK.bicepFK
char_bob.controls.R_Arm.bicepFK.bicepFK.forearmFK
char_bob.controls.R_Arm.bicepFK.bicepFK.forearmFK.forearmFK
char_bob.controls.R_Arm.IK
char_bob.controls.R_Arm.IK.IK
char_bob.controls.R_Arm.UpV
char_bob.controls.R_Arm.UpV.UpV
char_bob.controls.L_Hand
char_bob.controls.L_Hand.inputs
char_bob.controls.L_Hand.inputs.armEndXfo
char_bob.controls.L_Hand.inputs.armEndPos
char_bob.controls.L_Hand.outputs
char_bob.controls.L_Hand.outputs.hand
char_bob.controls.L_Hand.outputs.handEnd
char_bob.controls.L_Hand.hand
char_bob.controls.L_Hand.hand.hand
char_bob.controls.L_Hand.handRef
char_bob.controls.R_Hand
char_bob.controls.R_Hand.inputs
char_bob.controls.R_Hand.inputs.armEndXfo
char_bob.controls.R_Hand.inputs.armEndPos
char_bob.controls.R_Hand.outputs
char_bob.controls.R_Hand.outputs.hand
char_bob.controls.R_Hand.outputs.handEnd
char_bob.controls.R_Hand.hand
char_bob.controls.R_Hand.hand.hand
char_bob.controls.R_Hand.handRef
char_bob.controls.L_Leg
char_bob.controls.L_Leg.inputs
char_bob.controls.L_Leg.inputs.pelvisInput
char_bob.controls.L_Leg.outputs
char_bob.controls.L_Leg.outputs.femur
char_bob.controls.L_Leg.outputs.shin
char_bob.controls.L_Leg.outputs.legEndXfo
char_bob.controls.L_Leg.outputs.legEndPos
char_bob.controls.L_Leg.femurFK
char_bob.controls.L_Leg.femurFK.femurFK
char_bob.controls.L_Leg.femurFK.femurFK.shinFK
char_bob.controls.L_Leg.femurFK.femurFK.shinFK.shinFK
char_bob.controls.L_Leg.IK
char_bob.controls.L_Leg.IK.IK
char_bob.controls.L_Leg.UpV
char_bob.controls.L_Leg.UpV.UpV
char_bob.controls.L_Foot
char_bob.controls.L_Foot.inputs
char_bob.controls.L_Foot.inputs.legEndXfo
char_bob.controls.L_Foot.inputs.legEndPos
char_bob.controls.L_Foot.outputs
char_bob.controls.L_Foot.outputs.footEnd
char_bob.controls.L_Foot.outputs.foot
char_bob.controls.L_Foot.foot
char_bob.controls.L_Foot.foot.foot
char_bob.controls.L_Foot.footRef
char_bob.controls.R_Leg
char_bob.controls.R_Leg.inputs
char_bob.controls.R_Leg.inputs.pelvisInput
char_bob.controls.R_Leg.outputs
char_bob.controls.R_Leg.outputs.femur
char_bob.controls.R_Leg.outputs.shin
char_bob.controls.R_Leg.outputs.legEndXfo
char_bob.controls.R_Leg.outputs.legEndPos
char_bob.controls.R_Leg.femurFK
char_bob.controls.R_Leg.femurFK.femurFK
char_bob.controls.R_Leg.femurFK.femurFK.shinFK
char_bob.controls.R_Leg.femurFK.femurFK.shinFK.shinFK
char_bob.controls.R_Leg.IK
char_bob.controls.R_Leg.IK.IK
char_bob.controls.R_Leg.UpV
char_bob.controls.R_Leg.UpV.UpV
char_bob.controls.R_Foot
char_bob.controls.R_Foot.inputs
char_bob.controls.R_Foot.inputs.legEndXfo
char_bob.controls.R_Foot.inputs.legEndPos
char_bob.controls.R_Foot.outputs
char_bob.controls.R_Foot.outputs.footEnd
char_bob.controls.R_Foot.outputs.foot
char_bob.controls.R_Foot.foot
char_bob.controls.R_Foot.foot.foot
char_bob.controls.R_Foot.footRef
char_bob.deformers
char_bob.deformers.spine
char_bob.deformers.spine.spine01
char_bob.deformers.spine.spine02
char_bob.deformers.spine.spine03
char_bob.deformers.spine.spine04
char_bob.deformers.spine.spine05
char_bob.deformers.spine.spine06
char_bob.deformers.neck
char_bob.deformers.neck.neck
char_bob.deformers.head
char_bob.deformers.head.head
char_bob.deformers.head.jaw
char_bob.deformers.head.eyeLeft
char_bob.deformers.head.eyeRight
char_bob.deformers.L_Clavicle
char_bob.deformers.L_Clavicle.clavicle
char_bob.deformers.R_Clavicle
char_bob.deformers.R_Clavicle.clavicle
char_bob.deformers.L_Arm
char_bob.deformers.L_Arm.bicep
char_bob.deformers.L_Arm.forearm
char_bob.deformers.L_Arm.wrist
char_bob.deformers.R_Arm
char_bob.deformers.R_Arm.bicep
char_bob.deformers.R_Arm.forearm
char_bob.deformers.R_Arm.wrist
char_bob.deformers.L_Hand
char_bob.deformers.L_Hand.hand
char_bob.deformers.R_Hand
char_bob.deformers.R_Hand.hand
char_bob.deformers.L_Leg
char_bob.deformers.L_Leg.femur
char_bob.deformers.L_Leg.shin
char_bob.deformers.L_Leg.ankle
char_bob.deformers.L_Foot
char_bob.deformers.L_Foot.foot
char_bob.deformers.R_Leg
char_bob.deformers.R_Leg.femur
char_bob.deformers.R_Leg.shin
char_bob.deformers.R_Leg.ankle
char_bob.deformers.R_Foot
char_bob.deformers.R_Foot.foot
char_bob.neck
char_bob.head
char_bob.L_Clavicle
char_bob.R_Clavicle
char_bob.L_Arm
char_bob.R_Arm
char_bob.L_Hand
char_bob.R_Hand
char_bob.L_Leg
char_bob.L_Foot
char_bob.R_Leg
char_bob.R_Foot
