Failed to find DCC builder. Falling back to Python builder.
char_bob_guide
char_bob_guide.spine
char_bob_guide.controls
char_bob_guide.controls.spine
char_bob_guide.controls.spine.inputs
char_bob_guide.controls.spine.outputs
char_bob_guide.controls.spine.cogPosition
char_bob_guide.controls.spine.spine01Position
char_bob_guide.controls.spine.spine02Position
char_bob_guide.controls.spine.spine03Position
char_bob_guide.controls.spine.spine04Position
char_bob_guide.controls.neck
char_bob_guide.controls.neck.inputs
char_bob_guide.controls.neck.outputs
char_bob_guide.controls.neck.neck
char_bob_guide.controls.neck.neckEnd
char_bob_guide.controls.head
char_bob_guide.controls.head.inputs
char_bob_guide.controls.head.inputs.headBase
char_bob_guide.controls.head.outputs
char_bob_guide.controls.head.outputs.head
char_bob_guide.controls.head.outputs.jaw
char_bob_guide.controls.head.outputs.eyeL
char_bob_guide.controls.head.outputs.eyeR
char_bob_guide.controls.head.head
char_bob_guide.controls.head.headEnd
char_bob_guide.controls.head.eyeLeft
char_bob_guide.controls.head.eyeRight
char_bob_guide.controls.head.jaw
char_bob_guide.controls.clavicle
char_bob_guide.controls.clavicle.inputs
char_bob_guide.controls.clavicle.outputs
char_bob_guide.controls.clavicle.clavicle
char_bob_guide.controls.clavicle.clavicleUpV
char_bob_guide.controls.clavicle.clavicleEnd
char_bob_guide.controls.arm
char_bob_guide.controls.arm.inputs
char_bob_guide.controls.arm.inputs.clavicleEnd
char_bob_guide.controls.arm.outputs
char_bob_guide.controls.arm.outputs.bicep
char_bob_guide.controls.arm.outputs.forearm
char_bob_guide.controls.arm.outputs.armEndXfo
char_bob_guide.controls.arm.outputs.armEndPos
char_bob_guide.controls.arm.bicepFK
char_bob_guide.controls.arm.forearmFK
char_bob_guide.controls.arm.wristFK
char_bob_guide.controls.hand
char_bob_guide.controls.hand.inputs
char_bob_guide.controls.hand.inputs.armEndXfo
char_bob_guide.controls.hand.inputs.armEndPos
char_bob_guide.controls.hand.outputs
char_bob_guide.controls.hand.outputs.hand
char_bob_guide.controls.hand.outputs.handEnd
char_bob_guide.controls.hand.hand
char_bob_guide.controls.clavicle
char_bob_guide.controls.clavicle.inputs
char_bob_guide.controls.clavicle.outputs
char_bob_guide.controls.clavicle.clavicle
char_bob_guide.controls.clavicle.clavicleUpV
char_bob_guide.controls.clavicle.clavicleEnd
char_bob_guide.controls.arm
char_bob_guide.controls.arm.inputs
char_bob_guide.controls.arm.inputs.clavicleEnd
char_bob_guide.controls.arm.outputs
char_bob_guide.controls.arm.outputs.bicep
char_bob_guide.controls.arm.outputs.forearm
char_bob_guide.controls.arm.outputs.armEndXfo
char_bob_guide.controls.arm.outputs.armEndPos
char_bob_guide.controls.arm.bicepFK
char_bob_guide.controls.arm.forearmFK
char_bob_guide.controls.arm.wristFK
char_bob_guide.controls.hand
char_bob_guide.controls.hand.inputs
char_bob_guide.controls.hand.inputs.armEndXfo
char_bob_guide.controls.hand.inputs.armEndPos
char_bob_guide.controls.hand.outputs
char_bob_guide.controls.hand.outputs.hand
char_bob_guide.controls.hand.outputs.handEnd
char_bob_guide.controls.hand.hand
char_bob_guide.controls.leg
char_bob_guide.controls.leg.inputs
char_bob_guide.controls.leg.inputs.pelvisInput
char_bob_guide.controls.leg.outputs
char_bob_guide.controls.leg.outputs.femur
char_bob_guide.controls.leg.outputs.shin
char_bob_guide.controls.leg.outputs.legEndXfo
char_bob_guide.controls.leg.outputs.legEndPos
char_bob_guide.controls.leg.femur
char_bob_guide.controls.leg.knee
char_bob_guide.controls.leg.ankle
char_bob_guide.controls.foot
char_bob_guide.controls.foot.inputs
char_bob_guide.controls.foot.inputs.legEndXfo
char_bob_guide.controls.foot.inputs.legEndPos
char_bob_guide.controls.foot.outputs
char_bob_guide.controls.foot.outputs.footEnd
char_bob_guide.controls.foot.outputs.foot
char_bob_guide.controls.foot.foot
char_bob_guide.controls.leg
char_bob_guide.controls.leg.inputs
char_bob_guide.controls.leg.inputs.pelvisInput
char_bob_guide.controls.leg.outputs
char_bob_guide.controls.leg.outputs.femur
char_bob_guide.controls.leg.outputs.shin
char_bob_guide.controls.leg.outputs.legEndXfo
char_bob_guide.controls.leg.outputs.legEndPos
char_bob_guide.controls.leg.femur
char_bob_guide.controls.leg.knee
char_bob_guide.controls.leg.ankle
char_bob_guide.controls.foot
char_bob_guide.controls.foot.inputs
char_bob_guide.controls.foot.inputs.legEndXfo
char_bob_guide.controls.foot.inputs.legEndPos
char_bob_guide.controls.foot.outputs
char_bob_guide.controls.foot.outputs.footEnd
char_bob_guide.controls.foot.outputs.foot
char_bob_guide.controls.foot.foot
char_bob_guide.neck
char_bob_guide.head
char_bob_guide.clavicle
char_bob_guide.arm
char_bob_guide.hand
char_bob_guide.clavicle
char_bob_guide.arm
char_bob_guide.hand
char_bob_guide.leg
char_bob_guide.foot
char_bob_guide.leg
char_bob_guide.foot
