Failed to find DCC builder. Falling back to Python builder.
char_bob
char_bob.deformers
char_bob.deformers.spine01
char_bob.deformers.spine02
char_bob.deformers.spine03
char_bob.deformers.spine04
char_bob.deformers.neck
char_bob.deformers.head
char_bob.deformers.jaw
char_bob.deformers.eyeLeft
char_bob.deformers.eyeRight
char_bob.deformers.clavicle
char_bob.deformers.clavicle
char_bob.deformers.bicep
char_bob.deformers.forearm
char_bob.deformers.wrist
char_bob.deformers.bicep
char_bob.deformers.forearm
char_bob.deformers.wrist
char_bob.deformers.hand
char_bob.deformers.hand
char_bob.deformers.femur
char_bob.deformers.shin
char_bob.deformers.ankle
char_bob.deformers.femur
char_bob.deformers.shin
char_bob.deformers.ankle
char_bob.deformers.foot
char_bob.deformers.foot
char_bob.controls
char_bob.controls.spine
char_bob.controls.spine.inputs
char_bob.controls.spine.outputs
char_bob.controls.spine.outputs.spine00
char_bob.controls.spine.outputs.spine01
char_bob.controls.spine.outputs.spine02
char_bob.controls.spine.outputs.spine03
char_bob.controls.spine.outputs.spineBase
char_bob.controls.spine.outputs.spineEnd
char_bob.controls.spine.cog
char_bob.controls.spine.cog.cog
char_bob.controls.spine.cog.cog.spine01
char_bob.controls.spine.cog.cog.spine01.spine01
char_bob.controls.spine.cog.cog.spine01.spine01.spine02
char_bob.controls.spine.cog.cog.spine01.spine01.spine02.spine02
char_bob.controls.spine.cog.cog.spine01.spine01.spine02.spine02.spine03
char_bob.controls.spine.cog.cog.spine01.spine01.spine02.spine02.spine03.spine03
char_bob.controls.spine.cog.cog.spine04
char_bob.controls.spine.cog.cog.spine04.spine04
char_bob.controls.neck
char_bob.controls.neck.inputs
char_bob.controls.neck.inputs.neckBase
char_bob.controls.neck.outputs
char_bob.controls.neck.outputs.neckEnd
char_bob.controls.neck.outputs.neck
char_bob.controls.neck.neck
char_bob.controls.neck.neck.neck
char_bob.controls.head
char_bob.controls.head.inputs
char_bob.controls.head.inputs.headBase
char_bob.controls.head.outputs
char_bob.controls.head.outputs.head
char_bob.controls.head.outputs.jaw
char_bob.controls.head.outputs.eyeL
char_bob.controls.head.outputs.eyeR
char_bob.controls.head.head
char_bob.controls.head.head.head
char_bob.controls.head.head.head.eyeLeft
char_bob.controls.head.head.head.eyeLeft.eyeLeft
char_bob.controls.head.head.head.eyeRight
char_bob.controls.head.head.head.eyeRight.eyeRight
char_bob.controls.head.head.head.jawCtrlSpace
char_bob.controls.head.head.head.jawCtrlSpace.jaw
char_bob.controls.clavicle
char_bob.controls.clavicle.inputs
char_bob.controls.clavicle.inputs.spineEnd
char_bob.controls.clavicle.outputs
char_bob.controls.clavicle.outputs.clavicleEnd
char_bob.controls.clavicle.outputs.clavicle
char_bob.controls.clavicle.clavicle
char_bob.controls.clavicle.clavicle.clavicle
char_bob.controls.clavicle
char_bob.controls.clavicle.inputs
char_bob.controls.clavicle.inputs.spineEnd
char_bob.controls.clavicle.outputs
char_bob.controls.clavicle.outputs.clavicleEnd
char_bob.controls.clavicle.outputs.clavicle
char_bob.controls.clavicle.clavicle
char_bob.controls.clavicle.clavicle.clavicle
char_bob.controls.arm
char_bob.controls.arm.inputs
char_bob.controls.arm.inputs.clavicleEnd
char_bob.controls.arm.outputs
char_bob.controls.arm.outputs.bicep
char_bob.controls.arm.outputs.forearm
char_bob.controls.arm.outputs.armEndXfo
char_bob.controls.arm.outputs.armEndPos
char_bob.controls.arm.bicepFK
char_bob.controls.arm.bicepFK.bicepFK
char_bob.controls.arm.bicepFK.bicepFK.forearmFK
char_bob.controls.arm.bicepFK.bicepFK.forearmFK.forearmFK
char_bob.controls.arm.IK
char_bob.controls.arm.IK.IK
char_bob.controls.arm.UpV
char_bob.controls.arm.UpV.UpV
char_bob.controls.arm
char_bob.controls.arm.inputs
char_bob.controls.arm.inputs.clavicleEnd
char_bob.controls.arm.outputs
char_bob.controls.arm.outputs.bicep
char_bob.controls.arm.outputs.forearm
char_bob.controls.arm.outputs.armEndXfo
char_bob.controls.arm.outputs.armEndPos
char_bob.controls.arm.bicepFK
char_bob.controls.arm.bicepFK.bicepFK
char_bob.controls.arm.bicepFK.bicepFK.forearmFK
char_bob.controls.arm.bicepFK.bicepFK.forearmFK.forearmFK
char_bob.controls.arm.IK
char_bob.controls.arm.IK.IK
char_bob.controls.arm.UpV
char_bob.controls.arm.UpV.UpV
char_bob.controls.hand
char_bob.controls.hand.inputs
char_bob.controls.hand.inputs.armEndXfo
char_bob.controls.hand.inputs.armEndPos
char_bob.controls.hand.outputs
char_bob.controls.hand.outputs.hand
char_bob.controls.hand.outputs.handEnd
char_bob.controls.hand.hand
char_bob.controls.hand.hand.hand
char_bob.controls.hand.handRef
char_bob.controls.hand
char_bob.controls.hand.inputs
char_bob.controls.hand.inputs.armEndXfo
char_bob.controls.hand.inputs.armEndPos
char_bob.controls.hand.outputs
char_bob.controls.hand.outputs.hand
char_bob.controls.hand.outputs.handEnd
char_bob.controls.hand.hand
char_bob.controls.hand.hand.hand
char_bob.controls.hand.handRef
char_bob.controls.leg
char_bob.controls.leg.inputs
char_bob.controls.leg.inputs.pelvisInput
char_bob.controls.leg.outputs
char_bob.controls.leg.outputs.femur
char_bob.controls.leg.outputs.shin
char_bob.controls.leg.outputs.legEndXfo
char_bob.controls.leg.outputs.legEndPos
char_bob.controls.leg.femurFK
char_bob.controls.leg.femurFK.femurFK
char_bob.controls.leg.femurFK.femurFK.shinFK
char_bob.controls.leg.femurFK.femurFK.shinFK.shinFK
char_bob.controls.leg.IK
char_bob.controls.leg.IK.IK
char_bob.controls.leg.UpV
char_bob.controls.leg.UpV.UpV
char_bob.controls.leg
char_bob.controls.leg.inputs
char_bob.controls.leg.inputs.pelvisInput
char_bob.controls.leg.outputs
char_bob.controls.leg.outputs.femur
char_bob.controls.leg.outputs.shin
char_bob.controls.leg.outputs.legEndXfo
char_bob.controls.leg.outputs.legEndPos
char_bob.controls.leg.femurFK
char_bob.controls.leg.femurFK.femurFK
char_bob.controls.leg.femurFK.femurFK.shinFK
char_bob.controls.leg.femurFK.femurFK.shinFK.shinFK
char_bob.controls.leg.IK
char_bob.controls.leg.IK.IK
char_bob.controls.leg.UpV
char_bob.controls.leg.UpV.UpV
char_bob.controls.foot
char_bob.controls.foot.inputs
char_bob.controls.foot.inputs.legEndXfo
char_bob.controls.foot.inputs.legEndPos
char_bob.controls.foot.outputs
char_bob.controls.foot.outputs.hand
char_bob.controls.foot.outputs.handEnd
char_bob.controls.foot.foot
char_bob.controls.foot.foot.foot
char_bob.controls.foot.footRef
char_bob.controls.foot
char_bob.controls.foot.inputs
char_bob.controls.foot.inputs.legEndXfo
char_bob.controls.foot.inputs.legEndPos
char_bob.controls.foot.outputs
char_bob.controls.foot.outputs.hand
char_bob.controls.foot.outputs.handEnd
char_bob.controls.foot.foot
char_bob.controls.foot.foot.foot
char_bob.controls.foot.footRef
char_bob.geometry
