char_bob
char_bob.spine:M
char_bob.controls
char_bob.controls.spine
char_bob.controls.spine.inputs
char_bob.controls.spine.inputs.mainSrt
char_bob.controls.spine.outputs
char_bob.controls.spine.outputs.cog
char_bob.controls.spine.outputs.spineBase
char_bob.controls.spine.outputs.pelvis
char_bob.controls.spine.outputs.spineEnd
char_bob.controls.spine.cogPosition
char_bob.controls.spine.spine01Position
char_bob.controls.spine.spine02Position
char_bob.controls.spine.spine03Position
char_bob.controls.spine.spine04Position
char_bob.controls.neck
char_bob.controls.neck.inputs
char_bob.controls.neck.inputs.neckBase
char_bob.controls.neck.outputs
char_bob.controls.neck.outputs.neck
char_bob.controls.neck.outputs.neckEnd
char_bob.controls.neck.neck
char_bob.controls.neck.neckEnd
char_bob.controls.head
char_bob.controls.head.inputs
char_bob.controls.head.inputs.headBase
char_bob.controls.head.outputs
char_bob.controls.head.outputs.head
char_bob.controls.head.outputs.jaw
char_bob.controls.head.outputs.eyeL
char_bob.controls.head.outputs.eyeR
char_bob.controls.head.head
char_bob.controls.head.headEnd
char_bob.controls.head.eyeLeft
char_bob.controls.head.eyeRight
char_bob.controls.head.jaw
char_bob.controls.Clavicle
char_bob.controls.Clavicle.inputs
char_bob.controls.Clavicle.inputs.spineEnd
char_bob.controls.Clavicle.outputs
char_bob.controls.Clavicle.outputs.clavicle
char_bob.controls.Clavicle.outputs.clavicleEnd
char_bob.controls.Clavicle.clavicle
char_bob.controls.Clavicle.clavicleUpV
char_bob.controls.Clavicle.clavicleEnd
char_bob.controls.Clavicle
char_bob.controls.Clavicle.inputs
char_bob.controls.Clavicle.inputs.spineEnd
char_bob.controls.Clavicle.outputs
char_bob.controls.Clavicle.outputs.clavicle
char_bob.controls.Clavicle.outputs.clavicleEnd
char_bob.controls.Clavicle.clavicle
char_bob.controls.Clavicle.clavicleUpV
char_bob.controls.Clavicle.clavicleEnd
char_bob.controls.Arm
char_bob.controls.Arm.inputs
char_bob.controls.Arm.inputs.globalSRT
char_bob.controls.Arm.inputs.clavicleEnd
char_bob.controls.Arm.outputs
char_bob.controls.Arm.outputs.bicep
char_bob.controls.Arm.outputs.forearm
char_bob.controls.Arm.outputs.armEndXfo
char_bob.controls.Arm.outputs.hand
char_bob.controls.Arm.bicepFK
char_bob.controls.Arm.forearmFK
char_bob.controls.Arm.wristFK
char_bob.controls.Arm.hand
char_bob.controls.Arm
char_bob.controls.Arm.inputs
char_bob.controls.Arm.inputs.globalSRT
char_bob.controls.Arm.inputs.clavicleEnd
char_bob.controls.Arm.outputs
char_bob.controls.Arm.outputs.bicep
char_bob.controls.Arm.outputs.forearm
char_bob.controls.Arm.outputs.armEndXfo
char_bob.controls.Arm.outputs.hand
char_bob.controls.Arm.bicepFK
char_bob.controls.Arm.forearmFK
char_bob.controls.Arm.wristFK
char_bob.controls.Arm.hand
char_bob.controls.Leg
char_bob.controls.Leg.inputs
char_bob.controls.Leg.inputs.globalSRT
char_bob.controls.Leg.inputs.pelvisInput
char_bob.controls.Leg.outputs
char_bob.controls.Leg.outputs.femur
char_bob.controls.Leg.outputs.shin
char_bob.controls.Leg.outputs.legEndXfo
char_bob.controls.Leg.outputs.foot
char_bob.controls.Leg.outputs.toe
char_bob.controls.Leg.femur
char_bob.controls.Leg.knee
char_bob.controls.Leg.ankle
char_bob.controls.Leg.toe
char_bob.controls.Leg.toeTip
char_bob.controls.Leg
char_bob.controls.Leg.inputs
char_bob.controls.Leg.inputs.globalSRT
char_bob.controls.Leg.inputs.pelvisInput
char_bob.controls.Leg.outputs
char_bob.controls.Leg.outputs.femur
char_bob.controls.Leg.outputs.shin
char_bob.controls.Leg.outputs.legEndXfo
char_bob.controls.Leg.outputs.foot
char_bob.controls.Leg.outputs.toe
char_bob.controls.Leg.femur
char_bob.controls.Leg.knee
char_bob.controls.Leg.ankle
char_bob.controls.Leg.toe
char_bob.controls.Leg.toeTip
char_bob.neck:M
char_bob.head:M
char_bob.Clavicle:L
char_bob.Clavicle:R
char_bob.Arm:L
char_bob.Arm:R
char_bob.Leg:L
char_bob.Leg:R
