Failed to find DCC builder. Falling back to Python builder.
building:char_bob
building:char_bob.spine
building:char_bob.controls
building:char_bob.controls.spine
building:char_bob.controls.spine.inputs
building:char_bob.controls.spine.inputs.mainSrt
building:char_bob.controls.spine.outputs
building:char_bob.controls.spine.outputs.cog
building:char_bob.controls.spine.outputs.spineBase
building:char_bob.controls.spine.outputs.pelvis
building:char_bob.controls.spine.outputs.spineEnd
building:char_bob.controls.spine.cogPosition
building:char_bob.controls.spine.spine01Position
building:char_bob.controls.spine.spine02Position
building:char_bob.controls.spine.spine03Position
building:char_bob.controls.spine.spine04Position
building:char_bob.controls.neck
building:char_bob.controls.neck.inputs
building:char_bob.controls.neck.inputs.neckBase
building:char_bob.controls.neck.outputs
building:char_bob.controls.neck.outputs.neck
building:char_bob.controls.neck.outputs.neckEnd
building:char_bob.controls.neck.neck
building:char_bob.controls.neck.neckEnd
building:char_bob.controls.head
building:char_bob.controls.head.inputs
building:char_bob.controls.head.inputs.headBase
building:char_bob.controls.head.outputs
building:char_bob.controls.head.outputs.head
building:char_bob.controls.head.outputs.jaw
building:char_bob.controls.head.outputs.eyeL
building:char_bob.controls.head.outputs.eyeR
building:char_bob.controls.head.head
building:char_bob.controls.head.headEnd
building:char_bob.controls.head.eyeLeft
building:char_bob.controls.head.eyeRight
building:char_bob.controls.head.jaw
building:char_bob.controls.Clavicle
building:char_bob.controls.Clavicle.inputs
building:char_bob.controls.Clavicle.inputs.spineEnd
building:char_bob.controls.Clavicle.outputs
building:char_bob.controls.Clavicle.outputs.clavicle
building:char_bob.controls.Clavicle.outputs.clavicleEnd
building:char_bob.controls.Clavicle.clavicle
building:char_bob.controls.Clavicle.clavicleUpV
building:char_bob.controls.Clavicle.clavicleEnd
building:char_bob.controls.Clavicle
building:char_bob.controls.Clavicle.inputs
building:char_bob.controls.Clavicle.inputs.spineEnd
building:char_bob.controls.Clavicle.outputs
building:char_bob.controls.Clavicle.outputs.clavicle
building:char_bob.controls.Clavicle.outputs.clavicleEnd
building:char_bob.controls.Clavicle.clavicle
building:char_bob.controls.Clavicle.clavicleUpV
building:char_bob.controls.Clavicle.clavicleEnd
building:char_bob.controls.Arm
building:char_bob.controls.Arm.inputs
building:char_bob.controls.Arm.inputs.globalSRT
building:char_bob.controls.Arm.inputs.clavicleEnd
building:char_bob.controls.Arm.outputs
building:char_bob.controls.Arm.outputs.bicep
building:char_bob.controls.Arm.outputs.forearm
building:char_bob.controls.Arm.outputs.armEndXfo
building:char_bob.controls.Arm.outputs.hand
building:char_bob.controls.Arm.bicepFK
building:char_bob.controls.Arm.forearmFK
building:char_bob.controls.Arm.wristFK
building:char_bob.controls.Arm.hand
building:char_bob.controls.Arm
building:char_bob.controls.Arm.inputs
building:char_bob.controls.Arm.inputs.globalSRT
building:char_bob.controls.Arm.inputs.clavicleEnd
building:char_bob.controls.Arm.outputs
building:char_bob.controls.Arm.outputs.bicep
building:char_bob.controls.Arm.outputs.forearm
building:char_bob.controls.Arm.outputs.armEndXfo
building:char_bob.controls.Arm.outputs.hand
building:char_bob.controls.Arm.bicepFK
building:char_bob.controls.Arm.forearmFK
building:char_bob.controls.Arm.wristFK
building:char_bob.controls.Arm.hand
building:char_bob.controls.Leg
building:char_bob.controls.Leg.inputs
building:char_bob.controls.Leg.inputs.globalSRT
building:char_bob.controls.Leg.inputs.pelvisInput
building:char_bob.controls.Leg.outputs
building:char_bob.controls.Leg.outputs.femur
building:char_bob.controls.Leg.outputs.shin
building:char_bob.controls.Leg.outputs.legEndXfo
building:char_bob.controls.Leg.outputs.foot
building:char_bob.controls.Leg.outputs.toe
building:char_bob.controls.Leg.femur
building:char_bob.controls.Leg.knee
building:char_bob.controls.Leg.ankle
building:char_bob.controls.Leg.toe
building:char_bob.controls.Leg.toeTip
building:char_bob.controls.Leg
building:char_bob.controls.Leg.inputs
building:char_bob.controls.Leg.inputs.globalSRT
building:char_bob.controls.Leg.inputs.pelvisInput
building:char_bob.controls.Leg.outputs
building:char_bob.controls.Leg.outputs.femur
building:char_bob.controls.Leg.outputs.shin
building:char_bob.controls.Leg.outputs.legEndXfo
building:char_bob.controls.Leg.outputs.foot
building:char_bob.controls.Leg.outputs.toe
building:char_bob.controls.Leg.femur
building:char_bob.controls.Leg.knee
building:char_bob.controls.Leg.ankle
building:char_bob.controls.Leg.toe
building:char_bob.controls.Leg.toeTip
building:char_bob.neck
building:char_bob.head
building:char_bob.Clavicle
building:char_bob.Clavicle
building:char_bob.Arm
building:char_bob.Arm
building:char_bob.Leg
building:char_bob.Leg
buildConnection:neckBase
buildConnection:headBase
buildConnection:spineEnd
buildConnection:spineEnd
buildConnection:clavicleEnd
buildConnection:clavicleEnd
buildConnection:pelvisInput
buildConnection:pelvisInput
char_bob
char_bob.spine:M
char_bob.controls
char_bob.controls.spine:M
char_bob.controls.spine:M.inputs
char_bob.controls.spine:M.inputs.mainSrt
char_bob.controls.spine:M.outputs
char_bob.controls.spine:M.outputs.cog
char_bob.controls.spine:M.outputs.spineBase
char_bob.controls.spine:M.outputs.pelvis
char_bob.controls.spine:M.outputs.spineEnd
char_bob.controls.spine:M.cogPosition
char_bob.controls.spine:M.spine01Position
char_bob.controls.spine:M.spine02Position
char_bob.controls.spine:M.spine03Position
char_bob.controls.spine:M.spine04Position
char_bob.controls.neck:M
char_bob.controls.neck:M.inputs
char_bob.controls.neck:M.inputs.neckBase
char_bob.controls.neck:M.outputs
char_bob.controls.neck:M.outputs.neck
char_bob.controls.neck:M.outputs.neckEnd
char_bob.controls.neck:M.neck
char_bob.controls.neck:M.neckEnd
char_bob.controls.head:M
char_bob.controls.head:M.inputs
char_bob.controls.head:M.inputs.headBase
char_bob.controls.head:M.outputs
char_bob.controls.head:M.outputs.head
char_bob.controls.head:M.outputs.jaw
char_bob.controls.head:M.outputs.eyeL
char_bob.controls.head:M.outputs.eyeR
char_bob.controls.head:M.head
char_bob.controls.head:M.headEnd
char_bob.controls.head:M.eyeLeft
char_bob.controls.head:M.eyeRight
char_bob.controls.head:M.jaw
char_bob.controls.Clavicle:L
char_bob.controls.Clavicle:L.inputs
char_bob.controls.Clavicle:L.inputs.spineEnd
char_bob.controls.Clavicle:L.outputs
char_bob.controls.Clavicle:L.outputs.clavicle
char_bob.controls.Clavicle:L.outputs.clavicleEnd
char_bob.controls.Clavicle:L.clavicle
char_bob.controls.Clavicle:L.clavicleUpV
char_bob.controls.Clavicle:L.clavicleEnd
char_bob.controls.Clavicle:R
char_bob.controls.Clavicle:R.inputs
char_bob.controls.Clavicle:R.inputs.spineEnd
char_bob.controls.Clavicle:R.outputs
char_bob.controls.Clavicle:R.outputs.clavicle
char_bob.controls.Clavicle:R.outputs.clavicleEnd
char_bob.controls.Clavicle:R.clavicle
char_bob.controls.Clavicle:R.clavicleUpV
char_bob.controls.Clavicle:R.clavicleEnd
char_bob.controls.Arm:L
char_bob.controls.Arm:L.inputs
char_bob.controls.Arm:L.inputs.globalSRT
char_bob.controls.Arm:L.inputs.clavicleEnd
char_bob.controls.Arm:L.outputs
char_bob.controls.Arm:L.outputs.bicep
char_bob.controls.Arm:L.outputs.forearm
char_bob.controls.Arm:L.outputs.armEndXfo
char_bob.controls.Arm:L.outputs.hand
char_bob.controls.Arm:L.bicepFK
char_bob.controls.Arm:L.forearmFK
char_bob.controls.Arm:L.wristFK
char_bob.controls.Arm:L.hand
char_bob.controls.Arm:R
char_bob.controls.Arm:R.inputs
char_bob.controls.Arm:R.inputs.globalSRT
char_bob.controls.Arm:R.inputs.clavicleEnd
char_bob.controls.Arm:R.outputs
char_bob.controls.Arm:R.outputs.bicep
char_bob.controls.Arm:R.outputs.forearm
char_bob.controls.Arm:R.outputs.armEndXfo
char_bob.controls.Arm:R.outputs.hand
char_bob.controls.Arm:R.bicepFK
char_bob.controls.Arm:R.forearmFK
char_bob.controls.Arm:R.wristFK
char_bob.controls.Arm:R.hand
char_bob.controls.Leg:L
char_bob.controls.Leg:L.inputs
char_bob.controls.Leg:L.inputs.globalSRT
char_bob.controls.Leg:L.inputs.pelvisInput
char_bob.controls.Leg:L.outputs
char_bob.controls.Leg:L.outputs.femur
char_bob.controls.Leg:L.outputs.shin
char_bob.controls.Leg:L.outputs.legEndXfo
char_bob.controls.Leg:L.outputs.foot
char_bob.controls.Leg:L.outputs.toe
char_bob.controls.Leg:L.femur
char_bob.controls.Leg:L.knee
char_bob.controls.Leg:L.ankle
char_bob.controls.Leg:L.toe
char_bob.controls.Leg:L.toeTip
char_bob.controls.Leg:R
char_bob.controls.Leg:R.inputs
char_bob.controls.Leg:R.inputs.globalSRT
char_bob.controls.Leg:R.inputs.pelvisInput
char_bob.controls.Leg:R.outputs
char_bob.controls.Leg:R.outputs.femur
char_bob.controls.Leg:R.outputs.shin
char_bob.controls.Leg:R.outputs.legEndXfo
char_bob.controls.Leg:R.outputs.foot
char_bob.controls.Leg:R.outputs.toe
char_bob.controls.Leg:R.femur
char_bob.controls.Leg:R.knee
char_bob.controls.Leg:R.ankle
char_bob.controls.Leg:R.toe
char_bob.controls.Leg:R.toeTip
char_bob.neck:M
char_bob.head:M
char_bob.Clavicle:L
char_bob.Clavicle:R
char_bob.Arm:L
char_bob.Arm:R
char_bob.Leg:L
char_bob.Leg:R
