Failed to find DCC builder. Falling back to Python builder.
L_Hand
L_Hand.controls
L_Hand.controls.Hand
L_Hand.controls.Hand.inputs
L_Hand.controls.Hand.inputs.armEndXfo
L_Hand.controls.Hand.inputs.armEndPos
L_Hand.controls.Hand.outputs
L_Hand.controls.Hand.outputs.handEnd
L_Hand.controls.Hand.outputs.hand
L_Hand.controls.Hand.hand
L_Hand.controls.Hand.hand.hand
L_Hand.controls.Hand.handRef
L_Hand.deformers
L_Hand.deformers.Hand
L_Hand.deformers.Hand.hand
