Warning: Generating 'deformers' layer for component:leg
Failed to find DCC builder. Falling back to Python builder.
leg
leg.inputs
leg.inputs.rootInput
leg.outputs
leg.outputs.bone0
leg.outputs.bone1
leg.outputs.bone2
leg.outputs.bone3
leg.outputs.legEndXfo
leg.outputs.legEndPos
leg.bone0FK
leg.bone0FK.bone0FK
leg.bone0FK.bone0FK.bone1FK
leg.bone0FK.bone0FK.bone1FK.bone1FK
leg.bone0FK.bone0FK.bone1FK.bone1FK.bone2FK
leg.bone0FK.bone0FK.bone1FK.bone1FK.bone2FK.bone2FK
leg.bone0FK.bone0FK.bone1FK.bone1FK.bone2FK.bone2FK.bone3FK
leg.bone0FK.bone0FK.bone1FK.bone1FK.bone2FK.bone2FK.bone3FK.bone3FK
leg.IK
leg.IK.IK
leg.UpV
leg.UpV.UpV
leg.deformers
leg.deformers.bone0
leg.deformers.bone1
leg.deformers.bone2
leg.deformers.bone3
