Failed to find DCC builder. Falling back to Python builder.
char_bob
char_bob.spine
char_bob.controls
char_bob.controls.spine
char_bob.controls.spine.inputs
char_bob.controls.spine.outputs
char_bob.controls.spine.outputs.spine01
char_bob.controls.spine.outputs.spineBase
char_bob.controls.spine.outputs.spineEnd
char_bob.controls.spine.outputs.spine02
char_bob.controls.spine.outputs.spine03
char_bob.controls.spine.outputs.spine04
char_bob.controls.spine.cog
char_bob.controls.spine.cog.cog
char_bob.controls.spine.cog.cog.spine01
char_bob.controls.spine.cog.cog.spine01.spine01
char_bob.controls.spine.cog.cog.spine01.spine01.spine02
char_bob.controls.spine.cog.cog.spine01.spine01.spine02.spine02
char_bob.controls.spine.cog.cog.spine01.spine01.spine02.spine02.spine03
char_bob.controls.spine.cog.cog.spine01.spine01.spine02.spine02.spine03.spine03
char_bob.controls.spine.cog.cog.spine04
char_bob.controls.spine.cog.cog.spine04.spine04
char_bob.controls.clavicle
char_bob.controls.clavicle.inputs
char_bob.controls.clavicle.inputs.spineEnd
char_bob.controls.clavicle.outputs
char_bob.controls.clavicle.outputs.clavicle
char_bob.controls.clavicle.outputs.clavicleEnd
char_bob.controls.clavicle.clavicle
char_bob.controls.clavicle.clavicle.clavicle
char_bob.deformers
char_bob.deformers.spine
char_bob.deformers.spine.spine01
char_bob.deformers.spine.spine02
char_bob.deformers.spine.spine03
char_bob.deformers.spine.spine04
char_bob.deformers.clavicle
char_bob.deformers.clavicle.clavicle
char_bob.clavicleGuide
