Failed to find DCC builder. Falling back to Python builder.
Spine
Spine.controls
Spine.controls.Spine
Spine.controls.Spine.inputs
Spine.controls.Spine.outputs
Spine.controls.Spine.outputs.spine01
Spine.controls.Spine.outputs.spine02
Spine.controls.Spine.outputs.spine03
Spine.controls.Spine.outputs.spine04
Spine.controls.Spine.outputs.spine05
Spine.controls.Spine.outputs.spine06
Spine.controls.Spine.outputs.spineBase
Spine.controls.Spine.outputs.spineEnd
Spine.controls.Spine.cog
Spine.controls.Spine.cog.cog
Spine.controls.Spine.cog.cog.spine01
Spine.controls.Spine.cog.cog.spine01.spine01
Spine.controls.Spine.cog.cog.spine01.spine01.spine02
Spine.controls.Spine.cog.cog.spine01.spine01.spine02.spine02
Spine.controls.Spine.cog.cog.spine01.spine01.spine02.spine02.spine03
Spine.controls.Spine.cog.cog.spine01.spine01.spine02.spine02.spine03.spine03
Spine.controls.Spine.cog.cog.spine04
Spine.controls.Spine.cog.cog.spine04.spine04
Spine.deformers
Spine.deformers.Spine
Spine.deformers.Spine.spine01
Spine.deformers.Spine.spine02
Spine.deformers.Spine.spine03
Spine.deformers.Spine.spine04
Spine.deformers.Spine.spine05
Spine.deformers.Spine.spine06
