Profiler brackets not closed properly. pop must be called for every call to push. Pop needs to be called another 1 times