color0:Color(1.0,0.0,0.0,0.0)
color1:Color(1.0,0.0,0.0,0.0)
lerp:Color(1.0,0.0,0.0,0.0)
rand:Color(0.743516325951,0.605640769005,0.605640769005,0.605640769005)
