mat33:Mat33(Vec3(1.0,0.0,0.0),Vec3(0.0,1.0,0.0),Vec3(0.0,0.0,1.0))
clone:Mat33(Vec3(1.0,0.0,0.0),Vec3(0.0,1.0,0.0),Vec3(0.0,0.0,1.0))
