mat44:Mat44(Vec4(0.532870650291,-0.548664212227,-0.548664212227,-0.548664212227),Vec4(0.84548842907,0.314076662064,0.314076662064,0.314076662064),Vec4(0.0346137285233,0.774805426598,0.774805426598,0.774805426598),Vec4(0.0,0.0,0.0,0.0))
clone:Mat44(Vec4(0.532870650291,-0.548664212227,-0.548664212227,-0.548664212227),Vec4(0.84548842907,0.314076662064,0.314076662064,0.314076662064),Vec4(0.0346137285233,0.774805426598,0.774805426598,0.774805426598),Vec4(0.0,0.0,0.0,0.0))
