quat:Quat(Vec3(0.0,0.0,0.0),1.0)
mat33:Mat33(Vec3(1.0,0.0,0.0),Vec3(0.0,1.0,0.0),Vec3(0.0,0.0,1.0))
quat:Quat(Vec3(1.0,0.0,2.0),0.5)
mat33:Mat33(Vec3(-7.0,-2.0,4.0),Vec3(2.0,-9.0,-1.0),Vec3(4.0,1.0,-1.0))
