vec3:Vec3(3.0,0.0,0.0)
length:3.0
vec3:Vec3(1.0,0.0,2.0)
length:2.23606801033
clone:Vec3(1.0,0.0,2.0)
