Failed to find DCC client. Falling back to Python client.
Visited locatorB
Visited A to B
Visited locatorA
