Failed to find DCC client. Falling back to Python client.
Visited locatorInA
Visited locatorInB
Visited IK
Visited locatorOutA
Visited locatorOutB
