Failed to find DCC builder. Falling back to Python builder.
building:myLocator as:myLocator
myLocator
